Command line invocation:
    /Applications/Xcode_27.app/Contents/Developer/usr/bin/xcodebuild -workspace ./LoopWorkspace.xcworkspace -scheme LoopWorkspace -configuration Release -destination generic/platform=iOS -archivePath "/Users/runner/Library/Developer/Xcode/Archives/2026-10-09/Loop 2026-10-09 07.31.51.xcarchive" archive

Resolve Package Graph


Resolved source packages:
  ZIPFoundation: https://github.com/LoopKit/ZIPFoundation.git @ stream-entry (c67b750)
  TidepoolKit: https://github.com/tidepool-org/TidepoolKit @ dev (54045c2)
  OneTimePassword: https://github.com/mattrubin/OneTimePassword @ 8e4022f
  Mixpanel: https://github.com/mixpanel/mixpanel-swift.git @ master (c676a97)
  Amplitude: https://github.com/amplitude/Amplitude-iOS.git @ main (e818b18)
  NightscoutKit: https://github.com/LoopKit/NightscoutKit @ main (4ec9fd1)
  SlideButton: https://github.com/no-comment/SlideButton @ main (5eacebb)
  MKRingProgressView: https://github.com/maxkonovalov/MKRingProgressView.git @ master (660888a)
  LoggerAPI: https://github.com/Kitura/LoggerAPI.git @ 2.0.0
  CryptorECC: https://github.com/Kitura/BlueECC.git @ 1.2.201
  KituraContracts: https://github.com/Kitura/KituraContracts.git @ 2.0.1
  Base32: https://github.com/mattrubin/Base32.git @ 1.1.2+spm (d185e44)
  SwiftCharts: https://github.com/ivanschuetz/SwiftCharts @ master (c354c19)
  CryptoSwift: https://github.com/krzyzanowskim/CryptoSwift @ 1.7.1
  SwiftJWT: https://github.com/Kitura/Swift-JWT.git @ 4.0.1
  CryptorRSA: https://github.com/Kitura/BlueRSA.git @ 1.0.203
  analytics-connector-ios: https://github.com/amplitude/analytics-connector-ios.git @ 1.0.1
  Cryptor: https://github.com/Kitura/BlueCryptor.git @ 2.0.2
  swift-log: https://github.com/apple/swift-log.git @ 1.9.1

ComputePackagePrebuildTargetDependencyGraph

Prepare packages

CreateBuildRequest

SendProjectDescription

CreateBuildOperation

ComputeTargetDependencyGraph
note: Building targets in dependency order
note: Target dependency graph (104 targets)
    Target 'Loop' in project 'Loop'
        ➜ Explicit dependency on target 'LoopUI' in project 'Loop'
        ➜ Explicit dependency on target 'WatchApp' in project 'Loop'
        ➜ Explicit dependency on target 'Loop Status Extension' in project 'Loop'
        ➜ Explicit dependency on target 'LoopCore' in project 'Loop'
        ➜ Explicit dependency on target 'Loop Intent Extension' in project 'Loop'
        ➜ Explicit dependency on target 'Loop Widget Extension' in project 'Loop'
        ➜ Explicit dependency on target 'SwiftCharts-product' in project 'SwiftCharts'
        ➜ Implicit dependency on target 'MockKitUI' in project 'LoopKit' via file 'MockKitUI.framework' in build phase 'Link Binary'
        ➜ Implicit dependency on target 'MockKit' in project 'LoopKit' via file 'MockKit.framework' in build phase 'Link Binary'
        ➜ Implicit dependency on target 'LoopKit' in project 'LoopKit' via file 'LoopKit.framework' in build phase 'Link Binary'
        ➜ Implicit dependency on target 'TrueTime-iOS' in project 'TrueTime' via file 'TrueTime.framework' in build phase 'Link Binary'
        ➜ Implicit dependency on target 'LoopTestingKit' in project 'LoopKit' via file 'LoopTestingKit.framework' in build phase 'Link Binary'
        ➜ Implicit dependency on target 'LoopKitUI' in project 'LoopKit' via file 'LoopKitUI.framework' in build phase 'Link Binary'
        ➜ Explicit dependency on target 'MKRingProgressView-product' in project 'MKRingProgressView'
        ➜ Explicit dependency on target 'ZIPFoundation-product' in project 'ZIPFoundation'
    Target 'ZIPFoundation-product' in project 'ZIPFoundation'
        ➜ Explicit dependency on target 'ZIPFoundation' in project 'ZIPFoundation'
    Target 'ZIPFoundation' in project 'ZIPFoundation' (no dependencies)
    Target 'MKRingProgressView-product' in project 'MKRingProgressView'
        ➜ Explicit dependency on target 'MKRingProgressView' in project 'MKRingProgressView'
    Target 'MKRingProgressView' in project 'MKRingProgressView' (no dependencies)
    Target 'Loop Widget Extension' in project 'Loop'
        ➜ Explicit dependency on target 'LoopUI' in project 'Loop'
        ➜ Implicit dependency on target 'LoopKitUI' in project 'LoopKit' via file 'LoopKitUI.framework' in build phase 'Link Binary'
        ➜ Implicit dependency on target 'MockKitUI' in project 'LoopKit' via file 'MockKitUI.framework' in build phase 'Link Binary'
    Target 'Loop Intent Extension' in project 'Loop' (no dependencies)
    Target 'Loop Status Extension' in project 'Loop'
        ➜ Explicit dependency on target 'LoopUI' in project 'Loop'
        ➜ Explicit dependency on target 'SwiftCharts-product' in project 'SwiftCharts'
        ➜ Implicit dependency on target 'LoopKitUI' in project 'LoopKit' via file 'LoopKitUI.framework' in build phase 'Link Binary'
        ➜ Implicit dependency on target 'MockKitUI' in project 'LoopKit' via file 'MockKitUI.framework' in build phase 'Link Binary'
    Target 'WatchApp' in project 'Loop'
        ➜ Explicit dependency on target 'WatchApp Extension' in project 'Loop'
    Target 'WatchApp Extension' in project 'Loop'
        ➜ Explicit dependency on target 'LoopCore-watchOS' in project 'Loop'
        ➜ Implicit dependency on target 'LoopKit-watchOS' in project 'LoopKit' via file 'LoopKit.framework' in build phase 'Link Binary'
    Target 'LoopCore-watchOS' in project 'Loop'
        ➜ Implicit dependency on target 'LoopKit-watchOS' in project 'LoopKit' via file 'LoopKit.framework' in build phase 'Link Binary'
    Target 'LoopUI' in project 'Loop'
        ➜ Explicit dependency on target 'LoopCore' in project 'Loop'
        ➜ Explicit dependency on target 'SwiftCharts-product' in project 'SwiftCharts'
        ➜ Implicit dependency on target 'LoopKitUI' in project 'LoopKit' via file 'LoopKitUI.framework' in build phase 'Link Binary'
    Target 'LoopCore' in project 'Loop'
        ➜ Implicit dependency on target 'LoopKit' in project 'LoopKit' via file 'LoopKit.framework' in build phase 'Link Binary'
    Target 'NightscoutRemoteCGMPlugin' in project 'NightscoutRemoteCGM'
        ➜ Explicit dependency on target 'NightscoutRemoteCGM' in project 'NightscoutRemoteCGM'
    Target 'NightscoutRemoteCGM' in project 'NightscoutRemoteCGM'
        ➜ Implicit dependency on target 'LoopKitUI' in project 'LoopKit' via file 'LoopKitUI.framework' in build phase 'Link Binary'
        ➜ Implicit dependency on target 'LoopKit' in project 'LoopKit' via file 'LoopKit.framework' in build phase 'Link Binary'
        ➜ Explicit dependency on target 'NightscoutKit-product' in project 'NightscoutKit'
    Target 'LoopOnboardingPlugin' in project 'LoopOnboarding'
        ➜ Explicit dependency on target 'LoopOnboardingKit' in project 'LoopOnboarding'
        ➜ Explicit dependency on target 'LoopOnboardingKitUI' in project 'LoopOnboarding'
        ➜ Implicit dependency on target 'NightscoutServiceKit' in project 'NightscoutService' via file 'NightscoutServiceKit.framework' in build phase 'Link Binary'
    Target 'LoopOnboardingKitUI' in project 'LoopOnboarding'
        ➜ Explicit dependency on target 'LoopOnboardingKit' in project 'LoopOnboarding'
        ➜ Implicit dependency on target 'LoopSupportKitUI' in project 'LoopSupport' via file 'LoopSupportKitUI.framework' in build phase 'Link Binary'
        ➜ Implicit dependency on target 'LoopKit' in project 'LoopKit' via file 'LoopKit.framework' in build phase 'Link Binary'
        ➜ Implicit dependency on target 'LoopKitUI' in project 'LoopKit' via file 'LoopKitUI.framework' in build phase 'Link Binary'
        ➜ Implicit dependency on target 'NightscoutServiceKit' in project 'NightscoutService' via file 'NightscoutServiceKit.framework' in build phase 'Link Binary'
    Target 'LoopOnboardingKit' in project 'LoopOnboarding'
        ➜ Implicit dependency on target 'LoopKit' in project 'LoopKit' via file 'LoopKit.framework' in build phase 'Link Binary'
    Target 'LoopSupportPlugin' in project 'LoopSupport'
        ➜ Explicit dependency on target 'LoopSupportKitUI' in project 'LoopSupport'
    Target 'LoopSupportKitUI' in project 'LoopSupport'
        ➜ Implicit dependency on target 'LoopKit' in project 'LoopKit' via file 'LoopKit.framework' in build phase 'Link Binary'
        ➜ Implicit dependency on target 'LoopKitUI' in project 'LoopKit' via file 'LoopKitUI.framework' in build phase 'Link Binary'
        ➜ Explicit dependency on target 'Amplitude-product' in project 'Amplitude'
    Target 'LibreDemoPlugin' in project 'LibreTransmitter'
        ➜ Explicit dependency on target 'LibreTransmitter' in project 'LibreTransmitter'
        ➜ Explicit dependency on target 'LibreTransmitterUI' in project 'LibreTransmitter'
    Target 'LibreTransmitterPlugin' in project 'LibreTransmitter'
        ➜ Explicit dependency on target 'LibreTransmitter' in project 'LibreTransmitter'
        ➜ Explicit dependency on target 'LibreTransmitterUI' in project 'LibreTransmitter'
    Target 'LibreTransmitterUI' in project 'LibreTransmitter'
        ➜ Explicit dependency on target 'LibreTransmitter' in project 'LibreTransmitter'
        ➜ Implicit dependency on target 'LoopKitUI' in project 'LoopKit' via file 'LoopKitUI.framework' in build phase 'Link Binary'
        ➜ Implicit dependency on target 'LoopKit' in project 'LoopKit' via file 'LoopKit.framework' in build phase 'Link Binary'
    Target 'LibreTransmitter' in project 'LibreTransmitter'
        ➜ Implicit dependency on target 'LoopKitUI' in project 'LoopKit' via file 'LoopKitUI.framework' in build phase 'Link Binary'
        ➜ Implicit dependency on target 'LoopKit' in project 'LoopKit' via file 'LoopKit.framework' in build phase 'Link Binary'
    Target 'G7SensorPlugin' in project 'G7SensorKit'
        ➜ Explicit dependency on target 'G7SensorKit' in project 'G7SensorKit'
        ➜ Explicit dependency on target 'G7SensorKitUI' in project 'G7SensorKit'
    Target 'G7SensorKitUI' in project 'G7SensorKit'
        ➜ Explicit dependency on target 'G7SensorKit' in project 'G7SensorKit'
    Target 'G7SensorKit' in project 'G7SensorKit'
        ➜ Implicit dependency on target 'LoopKitUI' in project 'LoopKit' via file 'LoopKitUI.framework' in build phase 'Link Binary'
    Target 'EversenseKitPlugin' in project 'EversenseKit'
        ➜ Explicit dependency on target 'EversenseKit' in project 'EversenseKit'
    Target 'EversenseKit' in project 'EversenseKit'
        ➜ Implicit dependency on target 'LoopKit' in project 'LoopKit' via file 'LoopKit.framework' in build phase 'Link Binary'
        ➜ Implicit dependency on target 'LoopKitUI' in project 'LoopKit' via file 'LoopKitUI.framework' in build phase 'Link Binary'
        ➜ Explicit dependency on target 'CryptoSwift-product' in project 'CryptoSwift'
    Target 'TrueTime-iOS' in project 'TrueTime' (no dependencies)
    Target 'CGMBLEKitG6Plugin' in project 'CGMBLEKit'
        ➜ Explicit dependency on target 'CGMBLEKitUI' in project 'CGMBLEKit'
        ➜ Explicit dependency on target 'CGMBLEKit' in project 'CGMBLEKit'
        ➜ Implicit dependency on target 'ShareClient' in project 'ShareClient' via file 'ShareClient.framework' in build phase 'Link Binary'
        ➜ Implicit dependency on target 'ShareClientUI' in project 'ShareClient' via file 'ShareClientUI.framework' in build phase 'Link Binary'
    Target 'CGMBLEKitG5Plugin' in project 'CGMBLEKit'
        ➜ Explicit dependency on target 'CGMBLEKitUI' in project 'CGMBLEKit'
        ➜ Explicit dependency on target 'CGMBLEKit' in project 'CGMBLEKit'
        ➜ Implicit dependency on target 'ShareClient' in project 'ShareClient' via file 'ShareClient.framework' in build phase 'Link Binary'
        ➜ Implicit dependency on target 'ShareClientUI' in project 'ShareClient' via file 'ShareClientUI.framework' in build phase 'Link Binary'
    Target 'CGMBLEKitUI' in project 'CGMBLEKit'
        ➜ Explicit dependency on target 'CGMBLEKit' in project 'CGMBLEKit'
        ➜ Implicit dependency on target 'LoopKit' in project 'LoopKit' via file 'LoopKit.framework' in build phase 'Link Binary'
        ➜ Implicit dependency on target 'LoopKitUI' in project 'LoopKit' via file 'LoopKitUI.framework' in build phase 'Link Binary'
        ➜ Implicit dependency on target 'ShareClient' in project 'ShareClient' via file 'ShareClient.framework' in build phase 'Link Binary'
        ➜ Implicit dependency on target 'ShareClientUI' in project 'ShareClient' via file 'ShareClientUI.framework' in build phase 'Link Binary'
    Target 'CGMBLEKit' in project 'CGMBLEKit'
        ➜ Implicit dependency on target 'LoopKit' in project 'LoopKit' via file 'LoopKit.framework' in build phase 'Link Binary'
        ➜ Implicit dependency on target 'ShareClient' in project 'ShareClient' via file 'ShareClient.framework' in build phase 'Link Binary'
    Target 'TidepoolServiceKitPlugin' in project 'TidepoolService'
        ➜ Explicit dependency on target 'TidepoolServiceKit' in project 'TidepoolService'
        ➜ Explicit dependency on target 'TidepoolServiceKitUI' in project 'TidepoolService'
    Target 'TidepoolServiceKitUI' in project 'TidepoolService'
        ➜ Explicit dependency on target 'TidepoolServiceKit' in project 'TidepoolService'
        ➜ Implicit dependency on target 'LoopKit' in project 'LoopKit' via file 'LoopKit.framework' in build phase 'Link Binary'
        ➜ Implicit dependency on target 'LoopKitUI' in project 'LoopKit' via file 'LoopKitUI.framework' in build phase 'Link Binary'
    Target 'TidepoolServiceKit' in project 'TidepoolService'
        ➜ Implicit dependency on target 'LoopKit' in project 'LoopKit' via file 'LoopKit.framework' in build phase 'Link Binary'
        ➜ Explicit dependency on target 'TidepoolKit-product' in project 'TidepoolKit'
    Target 'TidepoolKit-product' in project 'TidepoolKit'
        ➜ Explicit dependency on target 'TidepoolKit' in project 'TidepoolKit'
        ➜ Explicit dependency on target 'TidepoolKit_TidepoolKit' in project 'TidepoolKit'
    Target 'TidepoolKit' in project 'TidepoolKit'
        ➜ Explicit dependency on target 'TidepoolKit_TidepoolKit' in project 'TidepoolKit'
    Target 'TidepoolKit_TidepoolKit' in project 'TidepoolKit' (no dependencies)
    Target 'LogglyServiceKitPlugin' in project 'LogglyService'
        ➜ Explicit dependency on target 'LogglyServiceKit' in project 'LogglyService'
        ➜ Explicit dependency on target 'LogglyServiceKitUI' in project 'LogglyService'
    Target 'LogglyServiceKitUI' in project 'LogglyService'
        ➜ Explicit dependency on target 'LogglyServiceKit' in project 'LogglyService'
        ➜ Implicit dependency on target 'LoopKit' in project 'LoopKit' via file 'LoopKit.framework' in build phase 'Link Binary'
        ➜ Implicit dependency on target 'LoopKitUI' in project 'LoopKit' via file 'LoopKitUI.framework' in build phase 'Link Binary'
    Target 'LogglyServiceKit' in project 'LogglyService'
        ➜ Implicit dependency on target 'LoopKit' in project 'LoopKit' via file 'LoopKit.framework' in build phase 'Link Binary'
    Target 'ShareClientPlugin' in project 'ShareClient'
        ➜ Explicit dependency on target 'ShareClientUI' in project 'ShareClient'
    Target 'ShareClientUI' in project 'ShareClient'
        ➜ Explicit dependency on target 'ShareClient' in project 'ShareClient'
        ➜ Implicit dependency on target 'LoopKitUI' in project 'LoopKit' via file 'LoopKitUI.framework' in build phase 'Link Binary'
        ➜ Implicit dependency on target 'LoopKit' in project 'LoopKit' via file 'LoopKit.framework' in build phase 'Link Binary'
    Target 'ShareClient' in project 'ShareClient'
        ➜ Implicit dependency on target 'LoopKit' in project 'LoopKit' via file 'LoopKit.framework' in build phase 'Link Binary'
    Target 'OmnipodKitPlugin' in project 'OmnipodKit'
        ➜ Explicit dependency on target 'OmnipodKit' in project 'OmnipodKit'
    Target 'OmnipodKit' in project 'OmnipodKit'
        ➜ Implicit dependency on target 'RileyLinkBLEKit' in project 'RileyLinkKit' via file 'RileyLinkBLEKit.framework' in build phase 'Link Binary'
        ➜ Implicit dependency on target 'RileyLinkKit' in project 'RileyLinkKit' via file 'RileyLinkKit.framework' in build phase 'Link Binary'
        ➜ Implicit dependency on target 'RileyLinkKitUI' in project 'RileyLinkKit' via file 'RileyLinkKitUI.framework' in build phase 'Link Binary'
        ➜ Implicit dependency on target 'LoopKit' in project 'LoopKit' via file 'LoopKit.framework' in build phase 'Link Binary'
        ➜ Implicit dependency on target 'LoopKitUI' in project 'LoopKit' via file 'LoopKitUI.framework' in build phase 'Link Binary'
        ➜ Explicit dependency on target 'SlideButton-product' in project 'SlideButton'
        ➜ Explicit dependency on target 'CryptoSwift-product' in project 'CryptoSwift'
    Target 'CryptoSwift-product' in project 'CryptoSwift'
        ➜ Explicit dependency on target 'CryptoSwift' in project 'CryptoSwift'
    Target 'CryptoSwift' in project 'CryptoSwift' (no dependencies)
    Target 'SlideButton-product' in project 'SlideButton'
        ➜ Explicit dependency on target 'SlideButton' in project 'SlideButton'
    Target 'SlideButton' in project 'SlideButton' (no dependencies)
    Target 'MinimedKitPlugin' in project 'MinimedKit'
        ➜ Explicit dependency on target 'MinimedKit' in project 'MinimedKit'
        ➜ Explicit dependency on target 'MinimedKitUI' in project 'MinimedKit'
        ➜ Implicit dependency on target 'RileyLinkBLEKit' in project 'RileyLinkKit' via file 'RileyLinkBLEKit.framework' in build phase 'Link Binary'
        ➜ Implicit dependency on target 'RileyLinkKitUI' in project 'RileyLinkKit' via file 'RileyLinkKitUI.framework' in build phase 'Link Binary'
        ➜ Implicit dependency on target 'RileyLinkKit' in project 'RileyLinkKit' via file 'RileyLinkKit.framework' in build phase 'Link Binary'
    Target 'MinimedKitUI' in project 'MinimedKit'
        ➜ Explicit dependency on target 'MinimedKit' in project 'MinimedKit'
        ➜ Implicit dependency on target 'LoopKitUI' in project 'LoopKit' via file 'LoopKitUI.framework' in build phase 'Link Binary'
        ➜ Implicit dependency on target 'LoopKit' in project 'LoopKit' via file 'LoopKit.framework' in build phase 'Link Binary'
        ➜ Implicit dependency on target 'RileyLinkKitUI' in project 'RileyLinkKit' via file 'RileyLinkKitUI.framework' in build phase 'Link Binary'
    Target 'RileyLinkKitUI' in project 'RileyLinkKit'
        ➜ Explicit dependency on target 'RileyLinkKit' in project 'RileyLinkKit'
        ➜ Implicit dependency on target 'LoopKit' in project 'LoopKit' via file 'LoopKit.framework' in build phase 'Link Binary'
        ➜ Implicit dependency on target 'LoopKitUI' in project 'LoopKit' via file 'LoopKitUI.framework' in build phase 'Link Binary'
    Target 'MinimedKit' in project 'MinimedKit'
        ➜ Implicit dependency on target 'LoopKit' in project 'LoopKit' via file 'LoopKit.framework' in build phase 'Link Binary'
        ➜ Implicit dependency on target 'RileyLinkKit' in project 'RileyLinkKit' via file 'RileyLinkKit.framework' in build phase 'Link Binary'
    Target 'RileyLinkKit' in project 'RileyLinkKit'
        ➜ Explicit dependency on target 'RileyLinkBLEKit' in project 'RileyLinkKit'
        ➜ Implicit dependency on target 'LoopKitUI' in project 'LoopKit' via file 'LoopKitUI.framework' in build phase 'Link Binary'
        ➜ Implicit dependency on target 'LoopKit' in project 'LoopKit' via file 'LoopKit.framework' in build phase 'Link Binary'
    Target 'RileyLinkBLEKit' in project 'RileyLinkKit'
        ➜ Implicit dependency on target 'LoopKit' in project 'LoopKit' via file 'LoopKit.framework' in build phase 'Link Binary'
    Target 'MedtrumKitPlugin' in project 'MedtrumKit'
        ➜ Explicit dependency on target 'MedtrumKit' in project 'MedtrumKit'
    Target 'MedtrumKit' in project 'MedtrumKit'
        ➜ Implicit dependency on target 'LoopKitUI' in project 'LoopKit' via file 'LoopKitUI.framework' in build phase 'Link Binary'
        ➜ Implicit dependency on target 'LoopKit' in project 'LoopKit' via file 'LoopKit.framework' in build phase 'Link Binary'
    Target 'NightscoutServiceKitPlugin' in project 'NightscoutService'
        ➜ Explicit dependency on target 'NightscoutServiceKit' in project 'NightscoutService'
        ➜ Explicit dependency on target 'NightscoutServiceKitUI' in project 'NightscoutService'
    Target 'NightscoutServiceKitUI' in project 'NightscoutService'
        ➜ Explicit dependency on target 'NightscoutServiceKit' in project 'NightscoutService'
    Target 'NightscoutServiceKit' in project 'NightscoutService'
        ➜ Implicit dependency on target 'LoopKitUI' in project 'LoopKit' via file 'LoopKitUI.framework' in build phase 'Link Binary'
        ➜ Implicit dependency on target 'LoopKit' in project 'LoopKit' via file 'LoopKit.framework' in build phase 'Link Binary'
        ➜ Explicit dependency on target 'NightscoutKit-product' in project 'NightscoutKit'
        ➜ Explicit dependency on target 'OneTimePassword-product' in project 'OneTimePassword'
        ➜ Explicit dependency on target 'SwiftJWT-product' in project 'SwiftJWT'
    Target 'SwiftJWT-product' in project 'SwiftJWT'
        ➜ Explicit dependency on target 'SwiftJWT' in project 'SwiftJWT'
        ➜ Explicit dependency on target 'LoggerAPI-product' in project 'LoggerAPI'
        ➜ Explicit dependency on target 'KituraContracts-product' in project 'KituraContracts'
        ➜ Explicit dependency on target 'CryptorRSA-product' in project 'CryptorRSA'
        ➜ Explicit dependency on target 'Cryptor-product' in project 'Cryptor'
        ➜ Explicit dependency on target 'CryptorECC-product' in project 'CryptorECC'
    Target 'SwiftJWT' in project 'SwiftJWT'
        ➜ Explicit dependency on target 'LoggerAPI-product' in project 'LoggerAPI'
        ➜ Explicit dependency on target 'KituraContracts-product' in project 'KituraContracts'
        ➜ Explicit dependency on target 'CryptorRSA-product' in project 'CryptorRSA'
        ➜ Explicit dependency on target 'Cryptor-product' in project 'Cryptor'
        ➜ Explicit dependency on target 'CryptorECC-product' in project 'CryptorECC'
    Target 'CryptorECC-product' in project 'CryptorECC'
        ➜ Explicit dependency on target 'CryptorECC' in project 'CryptorECC'
    Target 'CryptorECC' in project 'CryptorECC' (no dependencies)
    Target 'Cryptor-product' in project 'Cryptor'
        ➜ Explicit dependency on target 'Cryptor' in project 'Cryptor'
    Target 'Cryptor' in project 'Cryptor' (no dependencies)
    Target 'CryptorRSA-product' in project 'CryptorRSA'
        ➜ Explicit dependency on target 'CryptorRSA' in project 'CryptorRSA'
    Target 'CryptorRSA' in project 'CryptorRSA' (no dependencies)
    Target 'KituraContracts-product' in project 'KituraContracts'
        ➜ Explicit dependency on target 'KituraContracts' in project 'KituraContracts'
        ➜ Explicit dependency on target 'LoggerAPI-product' in project 'LoggerAPI'
    Target 'KituraContracts' in project 'KituraContracts'
        ➜ Explicit dependency on target 'LoggerAPI-product' in project 'LoggerAPI'
    Target 'LoggerAPI-product' in project 'LoggerAPI'
        ➜ Explicit dependency on target 'LoggerAPI' in project 'LoggerAPI'
        ➜ Explicit dependency on target 'Logging-product' in project 'swift-log'
    Target 'LoggerAPI' in project 'LoggerAPI'
        ➜ Explicit dependency on target 'Logging-product' in project 'swift-log'
    Target 'Logging-product' in project 'swift-log'
        ➜ Explicit dependency on target 'Logging' in project 'swift-log'
    Target 'Logging' in project 'swift-log' (no dependencies)
    Target 'OneTimePassword-product' in project 'OneTimePassword'
        ➜ Explicit dependency on target 'OneTimePassword' in project 'OneTimePassword'
        ➜ Explicit dependency on target 'Base32-product' in project 'Base32'
    Target 'OneTimePassword' in project 'OneTimePassword'
        ➜ Explicit dependency on target 'Base32-product' in project 'Base32'
    Target 'Base32-product' in project 'Base32'
        ➜ Explicit dependency on target 'Base32' in project 'Base32'
    Target 'Base32' in project 'Base32' (no dependencies)
    Target 'NightscoutKit-product' in project 'NightscoutKit'
        ➜ Explicit dependency on target 'NightscoutKit' in project 'NightscoutKit'
    Target 'NightscoutKit' in project 'NightscoutKit' (no dependencies)
    Target 'MixpanelServiceKitPlugin' in project 'MixpanelService'
        ➜ Explicit dependency on target 'MixpanelServiceKit' in project 'MixpanelService'
        ➜ Explicit dependency on target 'MixpanelServiceKitUI' in project 'MixpanelService'
    Target 'MixpanelServiceKitUI' in project 'MixpanelService'
        ➜ Explicit dependency on target 'MixpanelServiceKit' in project 'MixpanelService'
        ➜ Implicit dependency on target 'LoopKit' in project 'LoopKit' via file 'LoopKit.framework' in build phase 'Link Binary'
        ➜ Implicit dependency on target 'LoopKitUI' in project 'LoopKit' via file 'LoopKitUI.framework' in build phase 'Link Binary'
    Target 'MixpanelServiceKit' in project 'MixpanelService'
        ➜ Implicit dependency on target 'LoopKit' in project 'LoopKit' via file 'LoopKit.framework' in build phase 'Link Binary'
        ➜ Explicit dependency on target 'Mixpanel-product' in project 'Mixpanel'
    Target 'Mixpanel-product' in project 'Mixpanel'
        ➜ Explicit dependency on target 'Mixpanel' in project 'Mixpanel'
    Target 'Mixpanel' in project 'Mixpanel' (no dependencies)
    Target 'AmplitudeServiceKitPlugin' in project 'AmplitudeService'
        ➜ Explicit dependency on target 'AmplitudeServiceKit' in project 'AmplitudeService'
        ➜ Explicit dependency on target 'AmplitudeServiceKitUI' in project 'AmplitudeService'
    Target 'AmplitudeServiceKitUI' in project 'AmplitudeService'
        ➜ Explicit dependency on target 'AmplitudeServiceKit' in project 'AmplitudeService'
        ➜ Implicit dependency on target 'LoopKit' in project 'LoopKit' via file 'LoopKit.framework' in build phase 'Link Binary'
        ➜ Implicit dependency on target 'LoopKitUI' in project 'LoopKit' via file 'LoopKitUI.framework' in build phase 'Link Binary'
    Target 'AmplitudeServiceKit' in project 'AmplitudeService'
        ➜ Implicit dependency on target 'LoopKit' in project 'LoopKit' via file 'LoopKit.framework' in build phase 'Link Binary'
        ➜ Explicit dependency on target 'Amplitude-product' in project 'Amplitude'
    Target 'Amplitude-product' in project 'Amplitude'
        ➜ Explicit dependency on target 'Amplitude' in project 'Amplitude'
        ➜ Explicit dependency on target 'Amplitude_Amplitude' in project 'Amplitude'
        ➜ Explicit dependency on target 'AnalyticsConnector-product' in project 'analytics-connector-ios'
    Target 'Amplitude' in project 'Amplitude'
        ➜ Explicit dependency on target 'Amplitude_Amplitude' in project 'Amplitude'
        ➜ Explicit dependency on target 'AnalyticsConnector-product' in project 'analytics-connector-ios'
    Target 'AnalyticsConnector-product' in project 'analytics-connector-ios'
        ➜ Explicit dependency on target 'AnalyticsConnector' in project 'analytics-connector-ios'
    Target 'AnalyticsConnector' in project 'analytics-connector-ios' (no dependencies)
    Target 'Amplitude_Amplitude' in project 'Amplitude' (no dependencies)
    Target 'MockKitUI' in project 'LoopKit'
        ➜ Explicit dependency on target 'MockKit' in project 'LoopKit'
        ➜ Explicit dependency on target 'LoopKitUI' in project 'LoopKit'
    Target 'MockKit' in project 'LoopKit'
        ➜ Explicit dependency on target 'LoopKitUI' in project 'LoopKit'
        ➜ Explicit dependency on target 'LoopKit' in project 'LoopKit'
        ➜ Explicit dependency on target 'LoopTestingKit' in project 'LoopKit'
    Target 'LoopTestingKit' in project 'LoopKit'
        ➜ Explicit dependency on target 'LoopKit' in project 'LoopKit'
    Target 'LoopKitUI' in project 'LoopKit'
        ➜ Explicit dependency on target 'LoopKit' in project 'LoopKit'
        ➜ Explicit dependency on target 'SwiftCharts-product' in project 'SwiftCharts'
    Target 'SwiftCharts-product' in project 'SwiftCharts'
        ➜ Explicit dependency on target 'SwiftCharts' in project 'SwiftCharts'
    Target 'SwiftCharts' in project 'SwiftCharts' (no dependencies)
    Target 'LoopKit-watchOS' in project 'LoopKit' (no dependencies)
    Target 'LoopKit' in project 'LoopKit' (no dependencies)

GatherProvisioningInputs

CreateBuildDescription

ExecuteExternalTool /Applications/Xcode_27.app/Contents/Developer/usr/bin/xcstringstool compile --dry-run --output-directory /Users/runner/Library/Developer/Xcode/DerivedData/LoopWorkspace-gchmxrnjuvvpuldxkhvkbrcixtbo/Build/Intermediates.noindex/ArchiveIntermediates/LoopWorkspace/IntermediateBuildFilesPath/LoopKit.build/Release-iphoneos/LoopKit.build /Users/runner/work/LoopWorkspace/LoopWorkspace/LoopKit/LoopKit/Resources/InfoPlist.xcstrings

ExecuteExternalTool /Applications/Xcode_27.app/Contents/Developer/usr/bin/xcstringstool compile --dry-run --output-directory /Users/runner/Library/Developer/Xcode/DerivedData/LoopWorkspace-gchmxrnjuvvpuldxkhvkbrcixtbo/Build/Intermediates.noindex/ArchiveIntermediates/LoopWorkspace/IntermediateBuildFilesPath/LoopKit.build/Release-watchos/LoopKit-watchOS.build /Users/runner/work/LoopWorkspace/LoopWorkspace/LoopKit/LoopKit/Resources/InfoPlist.xcstrings

ExecuteExternalTool /Applications/Xcode_27.app/Contents/Developer/Toolchains/XcodeDefault.xctoolchain/usr/bin/clang -v -E -dM -arch arm64 -isysroot /Applications/Xcode_27.app/Contents/Developer/Platforms/iPhoneOS.platform/Developer/SDKs/iPhoneOS27.0.sdk -x c -c /dev/null

ExecuteExternalTool /Applications/Xcode_27.app/Contents/Developer/Toolchains/XcodeDefault.xctoolchain/usr/bin/clang -v -E -dM -arch arm64 -isysroot /Applications/Xcode_27.app/Contents/Developer/Platforms/WatchOS.platform/Developer/SDKs/WatchOS27.0.sdk -x c -c /dev/null

ExecuteExternalTool /Applications/Xcode_27.app/Contents/Developer/Toolchains/XcodeDefault.xctoolchain/usr/bin/swiftc --version

ExecuteExternalTool /Applications/Xcode_27.app/Contents/Developer/usr/bin/ibtool --version --output-format xml1

ExecuteExternalTool /Applications/Xcode_27.app/Contents/Developer/usr/bin/xcstringstool compile --dry-run --output-directory /Users/runner/Library/Developer/Xcode/DerivedData/LoopWorkspace-gchmxrnjuvvpuldxkhvkbrcixtbo/Build/Intermediates.noindex/ArchiveIntermediates/LoopWorkspace/IntermediateBuildFilesPath/LoopKit.build/Release-iphoneos/MockKit.build /Users/runner/work/LoopWorkspace/LoopWorkspace/LoopKit/MockKit/Resources/Localizable.xcstrings

ExecuteExternalTool /Applications/Xcode_27.app/Contents/Developer/usr/bin/xcstringstool compile --dry-run --output-directory /Users/runner/Library/Developer/Xcode/DerivedData/LoopWorkspace-gchmxrnjuvvpuldxkhvkbrcixtbo/Build/Intermediates.noindex/ArchiveIntermediates/LoopWorkspace/IntermediateBuildFilesPath/LoopKit.build/Release-iphoneos/MockKitUI.build /Users/runner/work/LoopWorkspace/LoopWorkspace/LoopKit/MockKitUI/Resources/Localizable.xcstrings

ExecuteExternalTool /Applications/Xcode_27.app/Contents/Developer/Toolchains/XcodeDefault.xctoolchain/usr/bin/clang -v -E -dM -arch arm64 -isysroot /Applications/Xcode_27.app/Contents/Developer/Platforms/iPhoneOS.platform/Developer/SDKs/iPhoneOS27.0.sdk -x objective-c -c /dev/null

ExecuteExternalTool /Applications/Xcode_27.app/Contents/Developer/usr/bin/xcstringstool compile --dry-run --output-directory /Users/runner/Library/Developer/Xcode/DerivedData/LoopWorkspace-gchmxrnjuvvpuldxkhvkbrcixtbo/Build/Intermediates.noindex/ArchiveIntermediates/LoopWorkspace/IntermediateBuildFilesPath/AmplitudeService.build/Release-iphoneos/AmplitudeServiceKit.build /Users/runner/work/LoopWorkspace/LoopWorkspace/AmplitudeService/AmplitudeServiceKit/Localizable.xcstrings

ExecuteExternalTool /Applications/Xcode_27.app/Contents/Developer/usr/bin/xcstringstool compile --dry-run --output-directory /Users/runner/Library/Developer/Xcode/DerivedData/LoopWorkspace-gchmxrnjuvvpuldxkhvkbrcixtbo/Build/Intermediates.noindex/ArchiveIntermediates/LoopWorkspace/IntermediateBuildFilesPath/AmplitudeService.build/Release-iphoneos/AmplitudeServiceKitUI.build /Users/runner/work/LoopWorkspace/LoopWorkspace/AmplitudeService/AmplitudeServiceKitUI/Localizable.xcstrings

ExecuteExternalTool /Applications/Xcode_27.app/Contents/Developer/usr/bin/xcstringstool compile --dry-run --output-directory /Users/runner/Library/Developer/Xcode/DerivedData/LoopWorkspace-gchmxrnjuvvpuldxkhvkbrcixtbo/Build/Intermediates.noindex/ArchiveIntermediates/LoopWorkspace/IntermediateBuildFilesPath/NightscoutService.build/Release-iphoneos/NightscoutServiceKit.build /Users/runner/work/LoopWorkspace/LoopWorkspace/NightscoutService/NightscoutServiceKit/Localizable.xcstrings

ExecuteExternalTool /Applications/Xcode_27.app/Contents/Developer/usr/bin/xcstringstool compile --dry-run --output-directory /Users/runner/Library/Developer/Xcode/DerivedData/LoopWorkspace-gchmxrnjuvvpuldxkhvkbrcixtbo/Build/Intermediates.noindex/ArchiveIntermediates/LoopWorkspace/IntermediateBuildFilesPath/NightscoutService.build/Release-iphoneos/NightscoutServiceKitUI.build /Users/runner/work/LoopWorkspace/LoopWorkspace/NightscoutService/NightscoutServiceKitUI/Localizable.xcstrings

ExecuteExternalTool /Applications/Xcode_27.app/Contents/Developer/usr/bin/xcstringstool compile --dry-run --output-directory /Users/runner/Library/Developer/Xcode/DerivedData/LoopWorkspace-gchmxrnjuvvpuldxkhvkbrcixtbo/Build/Intermediates.noindex/ArchiveIntermediates/LoopWorkspace/IntermediateBuildFilesPath/RileyLinkKit.build/Release-iphoneos/RileyLinkBLEKit.build /Users/runner/work/LoopWorkspace/LoopWorkspace/RileyLinkKit/RileyLinkBLEKit/Localizable.xcstrings

ExecuteExternalTool /Applications/Xcode_27.app/Contents/Developer/usr/bin/xcstringstool compile --dry-run --output-directory /Users/runner/Library/Developer/Xcode/DerivedData/LoopWorkspace-gchmxrnjuvvpuldxkhvkbrcixtbo/Build/Intermediates.noindex/ArchiveIntermediates/LoopWorkspace/IntermediateBuildFilesPath/MinimedKit.build/Release-iphoneos/MinimedKit.build /Users/runner/work/LoopWorkspace/LoopWorkspace/MinimedKit/MinimedKit/Resources/Localizable.xcstrings

ExecuteExternalTool /Applications/Xcode_27.app/Contents/Developer/usr/bin/xcstringstool compile --dry-run --output-directory /Users/runner/Library/Developer/Xcode/DerivedData/LoopWorkspace-gchmxrnjuvvpuldxkhvkbrcixtbo/Build/Intermediates.noindex/ArchiveIntermediates/LoopWorkspace/IntermediateBuildFilesPath/OmnipodKit.build/Release-iphoneos/OmnipodKitPlugin.build /Users/runner/work/LoopWorkspace/LoopWorkspace/OmnipodKit/Localization/Localizable.xcstrings

ExecuteExternalTool /Applications/Xcode_27.app/Contents/Developer/usr/bin/xcstringstool compile --dry-run --output-directory /Users/runner/Library/Developer/Xcode/DerivedData/LoopWorkspace-gchmxrnjuvvpuldxkhvkbrcixtbo/Build/Intermediates.noindex/ArchiveIntermediates/LoopWorkspace/IntermediateBuildFilesPath/ShareClient.build/Release-iphoneos/ShareClient.build /Users/runner/work/LoopWorkspace/LoopWorkspace/dexcom-share-client-swift/ShareClient/Localizable.xcstrings

ExecuteExternalTool /Applications/Xcode_27.app/Contents/Developer/usr/bin/xcstringstool compile --dry-run --output-directory /Users/runner/Library/Developer/Xcode/DerivedData/LoopWorkspace-gchmxrnjuvvpuldxkhvkbrcixtbo/Build/Intermediates.noindex/ArchiveIntermediates/LoopWorkspace/IntermediateBuildFilesPath/ShareClient.build/Release-iphoneos/ShareClientUI.build /Users/runner/work/LoopWorkspace/LoopWorkspace/dexcom-share-client-swift/ShareClientUI/Localizable.xcstrings

ExecuteExternalTool /Applications/Xcode_27.app/Contents/Developer/usr/bin/xcstringstool compile --dry-run --output-directory /Users/runner/Library/Developer/Xcode/DerivedData/LoopWorkspace-gchmxrnjuvvpuldxkhvkbrcixtbo/Build/Intermediates.noindex/ArchiveIntermediates/LoopWorkspace/IntermediateBuildFilesPath/LogglyService.build/Release-iphoneos/LogglyServiceKit.build /Users/runner/work/LoopWorkspace/LoopWorkspace/LogglyService/LogglyServiceKit/Localizable.xcstrings

ExecuteExternalTool /Applications/Xcode_27.app/Contents/Developer/usr/bin/xcstringstool compile --dry-run --output-directory /Users/runner/Library/Developer/Xcode/DerivedData/LoopWorkspace-gchmxrnjuvvpuldxkhvkbrcixtbo/Build/Intermediates.noindex/ArchiveIntermediates/LoopWorkspace/IntermediateBuildFilesPath/LogglyService.build/Release-iphoneos/LogglyServiceKitUI.build /Users/runner/work/LoopWorkspace/LoopWorkspace/LogglyService/LogglyServiceKitUI/Localizable.xcstrings

ExecuteExternalTool /Applications/Xcode_27.app/Contents/Developer/usr/bin/actool --version --output-format xml1

ExecuteExternalTool /Applications/Xcode_27.app/Contents/Developer/usr/bin/xcstringstool compile --dry-run --output-directory /Users/runner/Library/Developer/Xcode/DerivedData/LoopWorkspace-gchmxrnjuvvpuldxkhvkbrcixtbo/Build/Intermediates.noindex/ArchiveIntermediates/LoopWorkspace/IntermediateBuildFilesPath/TidepoolService.build/Release-iphoneos/TidepoolServiceKit.build /Users/runner/work/LoopWorkspace/LoopWorkspace/TidepoolService/TidepoolServiceKit/Localizable.xcstrings

ExecuteExternalTool /Applications/Xcode_27.app/Contents/Developer/usr/bin/xcstringstool compile --dry-run --output-directory /Users/runner/Library/Developer/Xcode/DerivedData/LoopWorkspace-gchmxrnjuvvpuldxkhvkbrcixtbo/Build/Intermediates.noindex/ArchiveIntermediates/LoopWorkspace/IntermediateBuildFilesPath/TidepoolService.build/Release-iphoneos/TidepoolServiceKitUI.build /Users/runner/work/LoopWorkspace/LoopWorkspace/TidepoolService/TidepoolServiceKitUI/Localizable.xcstrings

ExecuteExternalTool /Applications/Xcode_27.app/Contents/Developer/Toolchains/XcodeDefault.xctoolchain/usr/bin/clang -v -E -dM -isysroot /Applications/Xcode_27.app/Contents/Developer/Platforms/iPhoneOS.platform/Developer/SDKs/iPhoneOS27.0.sdk -x c -c /dev/null

ExecuteExternalTool /Applications/Xcode_27.app/Contents/Developer/usr/bin/xcstringstool compile --dry-run --output-directory /Users/runner/Library/Developer/Xcode/DerivedData/LoopWorkspace-gchmxrnjuvvpuldxkhvkbrcixtbo/Build/Intermediates.noindex/ArchiveIntermediates/LoopWorkspace/IntermediateBuildFilesPath/LoopKit.build/Release-iphoneos/LoopKit.build /Users/runner/work/LoopWorkspace/LoopWorkspace/LoopKit/LoopKit/Resources/Localizable.xcstrings

ExecuteExternalTool /Applications/Xcode_27.app/Contents/Developer/usr/bin/xcstringstool compile --dry-run --output-directory /Users/runner/Library/Developer/Xcode/DerivedData/LoopWorkspace-gchmxrnjuvvpuldxkhvkbrcixtbo/Build/Intermediates.noindex/ArchiveIntermediates/LoopWorkspace/IntermediateBuildFilesPath/CGMBLEKit.build/Release-iphoneos/CGMBLEKit.build /Users/runner/work/LoopWorkspace/LoopWorkspace/CGMBLEKit/CGMBLEKit/Localizable.xcstrings

ExecuteExternalTool /Applications/Xcode_27.app/Contents/Developer/usr/bin/xcstringstool compile --dry-run --output-directory /Users/runner/Library/Developer/Xcode/DerivedData/LoopWorkspace-gchmxrnjuvvpuldxkhvkbrcixtbo/Build/Intermediates.noindex/ArchiveIntermediates/LoopWorkspace/IntermediateBuildFilesPath/EversenseKit.build/Release-iphoneos/EversenseKit.build /Users/runner/work/LoopWorkspace/LoopWorkspace/EversenseKit/EversenseKitUI/Localizable.xcstrings

ExecuteExternalTool /Applications/Xcode_27.app/Contents/Developer/usr/bin/xcstringstool compile --dry-run --output-directory /Users/runner/Library/Developer/Xcode/DerivedData/LoopWorkspace-gchmxrnjuvvpuldxkhvkbrcixtbo/Build/Intermediates.noindex/ArchiveIntermediates/LoopWorkspace/IntermediateBuildFilesPath/G7SensorKit.build/Release-iphoneos/G7SensorKit.build /Users/runner/work/LoopWorkspace/LoopWorkspace/G7SensorKit/G7SensorKit/Localizable.xcstrings

ExecuteExternalTool /Applications/Xcode_27.app/Contents/Developer/usr/bin/xcstringstool compile --dry-run --output-directory /Users/runner/Library/Developer/Xcode/DerivedData/LoopWorkspace-gchmxrnjuvvpuldxkhvkbrcixtbo/Build/Intermediates.noindex/ArchiveIntermediates/LoopWorkspace/IntermediateBuildFilesPath/G7SensorKit.build/Release-iphoneos/G7SensorKitUI.build /Users/runner/work/LoopWorkspace/LoopWorkspace/G7SensorKit/G7SensorKitUI/Localizable.xcstrings

ExecuteExternalTool /Applications/Xcode_27.app/Contents/Developer/usr/bin/xcstringstool compile --dry-run --output-directory /Users/runner/Library/Developer/Xcode/DerivedData/LoopWorkspace-gchmxrnjuvvpuldxkhvkbrcixtbo/Build/Intermediates.noindex/ArchiveIntermediates/LoopWorkspace/IntermediateBuildFilesPath/LibreTransmitter.build/Release-iphoneos/LibreTransmitter.build /Users/runner/work/LoopWorkspace/LoopWorkspace/LibreTransmitter/LibreTransmitter/Localizable.xcstrings

ExecuteExternalTool /Applications/Xcode_27.app/Contents/Developer/usr/bin/xcstringstool compile --dry-run --output-directory /Users/runner/Library/Developer/Xcode/DerivedData/LoopWorkspace-gchmxrnjuvvpuldxkhvkbrcixtbo/Build/Intermediates.noindex/ArchiveIntermediates/LoopWorkspace/IntermediateBuildFilesPath/LibreTransmitter.build/Release-iphoneos/LibreTransmitterUI.build /Users/runner/work/LoopWorkspace/LoopWorkspace/LibreTransmitter/LibreTransmitterUI/Localizable.xcstrings

ExecuteExternalTool /Applications/Xcode_27.app/Contents/Developer/usr/bin/xcstringstool compile --dry-run --output-directory /Users/runner/Library/Developer/Xcode/DerivedData/LoopWorkspace-gchmxrnjuvvpuldxkhvkbrcixtbo/Build/Intermediates.noindex/ArchiveIntermediates/LoopWorkspace/IntermediateBuildFilesPath/LoopKit.build/Release-watchos/LoopKit-watchOS.build /Users/runner/work/LoopWorkspace/LoopWorkspace/LoopKit/LoopKit/Resources/Localizable.xcstrings

ExecuteExternalTool /Applications/Xcode_27.app/Contents/Developer/Toolchains/XcodeDefault.xctoolchain/usr/bin/clang -v -E -dM -isysroot /Applications/Xcode_27.app/Contents/Developer/Platforms/WatchOS.platform/Developer/SDKs/WatchOS27.0.sdk -x c -c /dev/null

ExecuteExternalTool /Applications/Xcode_27.app/Contents/Developer/usr/bin/xcstringstool compile --dry-run --output-directory /Users/runner/Library/Developer/Xcode/DerivedData/LoopWorkspace-gchmxrnjuvvpuldxkhvkbrcixtbo/Build/Intermediates.noindex/ArchiveIntermediates/LoopWorkspace/IntermediateBuildFilesPath/LoopSupport.build/Release-iphoneos/LoopSupportKitUI.build /Users/runner/work/LoopWorkspace/LoopWorkspace/LoopSupport/LoopSupportKitUI/Localizable.xcstrings

ExecuteExternalTool /Applications/Xcode_27.app/Contents/Developer/usr/bin/xcstringstool compile --dry-run --output-directory /Users/runner/Library/Developer/Xcode/DerivedData/LoopWorkspace-gchmxrnjuvvpuldxkhvkbrcixtbo/Build/Intermediates.noindex/ArchiveIntermediates/LoopWorkspace/IntermediateBuildFilesPath/LoopOnboarding.build/Release-iphoneos/LoopOnboardingKitUI.build /Users/runner/work/LoopWorkspace/LoopWorkspace/LoopOnboarding/LoopOnboardingKitUI/Localizable.xcstrings

ExecuteExternalTool /Applications/Xcode_27.app/Contents/Developer/Toolchains/XcodeDefault.xctoolchain/usr/bin/ld -version_details

ExecuteExternalTool /Applications/Xcode_27.app/Contents/Developer/usr/bin/xcstringstool compile --dry-run --output-directory /Users/runner/Library/Developer/Xcode/DerivedData/LoopWorkspace-gchmxrnjuvvpuldxkhvkbrcixtbo/Build/Intermediates.noindex/ArchiveIntermediates/LoopWorkspace/IntermediateBuildFilesPath/NightscoutRemoteCGM.build/Release-iphoneos/NightscoutRemoteCGM.build /Users/runner/work/LoopWorkspace/LoopWorkspace/NightscoutRemoteCGM/NightscoutRemoteCGM/Localizable.xcstrings

ExecuteExternalTool /Applications/Xcode_27.app/Contents/Developer/usr/bin/xcstringstool compile --dry-run --output-directory /Users/runner/Library/Developer/Xcode/DerivedData/LoopWorkspace-gchmxrnjuvvpuldxkhvkbrcixtbo/Build/Intermediates.noindex/ArchiveIntermediates/LoopWorkspace/IntermediateBuildFilesPath/Loop.build/Release-iphoneos/LoopCore.build /Users/runner/work/LoopWorkspace/LoopWorkspace/Loop/LoopCore/Localizable.xcstrings

ExecuteExternalTool /Applications/Xcode_27.app/Contents/Developer/usr/bin/xcstringstool compile --dry-run --output-directory /Users/runner/Library/Developer/Xcode/DerivedData/LoopWorkspace-gchmxrnjuvvpuldxkhvkbrcixtbo/Build/Intermediates.noindex/ArchiveIntermediates/LoopWorkspace/IntermediateBuildFilesPath/Loop.build/Release-watchos/LoopCore-watchOS.build /Users/runner/work/LoopWorkspace/LoopWorkspace/Loop/LoopCore/Localizable.xcstrings

ExecuteExternalTool /Applications/Xcode_27.app/Contents/Developer/usr/bin/xcstringstool compile --dry-run --output-directory /Users/runner/Library/Developer/Xcode/DerivedData/LoopWorkspace-gchmxrnjuvvpuldxkhvkbrcixtbo/Build/Intermediates.noindex/ArchiveIntermediates/LoopWorkspace/IntermediateBuildFilesPath/Loop.build/Release-watchos/WatchApp Extension.build /Users/runner/work/LoopWorkspace/LoopWorkspace/Loop/WatchApp Extension/InfoPlist.xcstrings

ExecuteExternalTool /Applications/Xcode_27.app/Contents/Developer/usr/bin/xcstringstool compile --dry-run --output-directory /Users/runner/Library/Developer/Xcode/DerivedData/LoopWorkspace-gchmxrnjuvvpuldxkhvkbrcixtbo/Build/Intermediates.noindex/ArchiveIntermediates/LoopWorkspace/IntermediateBuildFilesPath/Loop.build/Release-iphoneos/Loop Intent Extension.build /Users/runner/work/LoopWorkspace/LoopWorkspace/Loop/Loop Intent Extension/InfoPlist.xcstrings

ExecuteExternalTool /Applications/Xcode_27.app/Contents/Developer/usr/bin/momc --dry-run --action generate --swift-version 5.0 --sdkroot /Applications/Xcode_27.app/Contents/Developer/Platforms/iPhoneOS.platform/Developer/SDKs/iPhoneOS27.0.sdk --iphoneos-deployment-target 15.1 --module LoopKit /Users/runner/work/LoopWorkspace/LoopWorkspace/LoopKit/LoopKit/DeviceManager/DeviceLog/DeviceLog.xcdatamodeld /Users/runner/Library/Developer/Xcode/DerivedData/LoopWorkspace-gchmxrnjuvvpuldxkhvkbrcixtbo/Build/Intermediates.noindex/ArchiveIntermediates/LoopWorkspace/IntermediateBuildFilesPath/LoopKit.build/Release-iphoneos/LoopKit.build/DerivedSources/CoreDataGenerated/DeviceLog

ExecuteExternalTool /Applications/Xcode_27.app/Contents/Developer/usr/bin/xcstringstool compile --dry-run --output-directory /Users/runner/Library/Developer/Xcode/DerivedData/LoopWorkspace-gchmxrnjuvvpuldxkhvkbrcixtbo/Build/Intermediates.noindex/ArchiveIntermediates/LoopWorkspace/IntermediateBuildFilesPath/Loop.build/Release-iphoneos/Loop Widget Extension.build /Users/runner/work/LoopWorkspace/LoopWorkspace/Loop/Loop Widget Extension/Bootstrap/InfoPlist.xcstrings

ExecuteExternalTool /Applications/Xcode_27.app/Contents/Developer/usr/bin/momc --dry-run --action generate --swift-version 5.0 --sdkroot /Applications/Xcode_27.app/Contents/Developer/Platforms/iPhoneOS.platform/Developer/SDKs/iPhoneOS27.0.sdk --iphoneos-deployment-target 15.1 --module LoopKit /Users/runner/work/LoopWorkspace/LoopWorkspace/LoopKit/LoopKit/Persistence/Model.xcdatamodeld /Users/runner/Library/Developer/Xcode/DerivedData/LoopWorkspace-gchmxrnjuvvpuldxkhvkbrcixtbo/Build/Intermediates.noindex/ArchiveIntermediates/LoopWorkspace/IntermediateBuildFilesPath/LoopKit.build/Release-iphoneos/LoopKit.build/DerivedSources/CoreDataGenerated/Model

ExecuteExternalTool /Applications/Xcode_27.app/Contents/Developer/usr/bin/intentbuilderc generate -dryRun -input /Users/runner/work/LoopWorkspace/LoopWorkspace/Loop/Common/Base.lproj/Intents.intentdefinition -output /Users/runner/Library/Developer/Xcode/DerivedData/LoopWorkspace-gchmxrnjuvvpuldxkhvkbrcixtbo/Build/Intermediates.noindex/ArchiveIntermediates/LoopWorkspace/IntermediateBuildFilesPath/Loop.build/Release-iphoneos/Loop Intent Extension.build/DerivedSources/IntentDefinitionGenerated/Intents -classPrefix  -language Swift -swiftVersion 5.0 -visibility public

ExecuteExternalTool /Applications/Xcode_27.app/Contents/Developer/Toolchains/XcodeDefault.xctoolchain/usr/bin/clang -v -E -dM -arch arm64 -isysroot /Applications/Xcode_27.app/Contents/Developer/Platforms/WatchOS.platform/Developer/SDKs/WatchOS27.0.sdk -x objective-c -c /dev/null

ExecuteExternalTool /Applications/Xcode_27.app/Contents/Developer/usr/bin/momc --dry-run --action generate --swift-version 5.0 --sdkroot /Applications/Xcode_27.app/Contents/Developer/Platforms/WatchOS.platform/Developer/SDKs/WatchOS27.0.sdk --watchos-deployment-target 9.0 --module LoopKit /Users/runner/work/LoopWorkspace/LoopWorkspace/LoopKit/LoopKit/DeviceManager/DeviceLog/DeviceLog.xcdatamodeld /Users/runner/Library/Developer/Xcode/DerivedData/LoopWorkspace-gchmxrnjuvvpuldxkhvkbrcixtbo/Build/Intermediates.noindex/ArchiveIntermediates/LoopWorkspace/IntermediateBuildFilesPath/LoopKit.build/Release-watchos/LoopKit-watchOS.build/DerivedSources/CoreDataGenerated/DeviceLog

ExecuteExternalTool /Applications/Xcode_27.app/Contents/Developer/usr/bin/momc --dry-run --action generate --swift-version 5.0 --sdkroot /Applications/Xcode_27.app/Contents/Developer/Platforms/WatchOS.platform/Developer/SDKs/WatchOS27.0.sdk --watchos-deployment-target 9.0 --module LoopKit /Users/runner/work/LoopWorkspace/LoopWorkspace/LoopKit/LoopKit/Persistence/Model.xcdatamodeld /Users/runner/Library/Developer/Xcode/DerivedData/LoopWorkspace-gchmxrnjuvvpuldxkhvkbrcixtbo/Build/Intermediates.noindex/ArchiveIntermediates/LoopWorkspace/IntermediateBuildFilesPath/LoopKit.build/Release-watchos/LoopKit-watchOS.build/DerivedSources/CoreDataGenerated/Model

ExecuteExternalTool /Applications/Xcode_27.app/Contents/Developer/usr/bin/momc --dry-run --action generate --swift-version 5.0 --sdkroot /Applications/Xcode_27.app/Contents/Developer/Platforms/iPhoneOS.platform/Developer/SDKs/iPhoneOS27.0.sdk --iphoneos-deployment-target 15.1 --module Loop /Users/runner/work/LoopWorkspace/LoopWorkspace/Loop/Loop/Managers/Alerts/AlertStore.xcdatamodeld /Users/runner/Library/Developer/Xcode/DerivedData/LoopWorkspace-gchmxrnjuvvpuldxkhvkbrcixtbo/Build/Intermediates.noindex/ArchiveIntermediates/LoopWorkspace/IntermediateBuildFilesPath/Loop.build/Release-iphoneos/Loop.build/DerivedSources/CoreDataGenerated/AlertStore

ExecuteExternalTool /Applications/Xcode_27.app/Contents/Developer/usr/bin/intentbuilderc generate -dryRun -input /Users/runner/work/LoopWorkspace/LoopWorkspace/Loop/Common/Base.lproj/Intents.intentdefinition -output /Users/runner/Library/Developer/Xcode/DerivedData/LoopWorkspace-gchmxrnjuvvpuldxkhvkbrcixtbo/Build/Intermediates.noindex/ArchiveIntermediates/LoopWorkspace/IntermediateBuildFilesPath/Loop.build/Release-iphoneos/Loop.build/DerivedSources/IntentDefinitionGenerated/Intents -classPrefix  -language Swift -swiftVersion 5.0 -visibility public

ExecuteExternalTool /Applications/Xcode_27.app/Contents/Developer/usr/bin/actool --print-asset-tag-combinations --output-format xml1 /Users/runner/work/LoopWorkspace/LoopWorkspace/Loop/LoopUI/HUDAssets.xcassets /Users/runner/work/LoopWorkspace/LoopWorkspace/Loop/Loop/DefaultAssets.xcassets /Users/runner/work/LoopWorkspace/LoopWorkspace/Loop/Loop/DerivedAssets.xcassets

ReadFileContents /Applications/Xcode_27.app/Contents/Developer/Toolchains/XcodeDefault.xctoolchain/usr/share/docc/features.json

ExecuteExternalTool /Applications/Xcode_27.app/Contents/Developer/Toolchains/XcodeDefault.xctoolchain/usr/bin/clang -v -E -dM -arch arm64_32 -isysroot /Applications/Xcode_27.app/Contents/Developer/Platforms/WatchOS.platform/Developer/SDKs/WatchOS27.0.sdk -x c -c /dev/null

ExecuteExternalTool /Applications/Xcode_27.app/Contents/Developer/usr/bin/xcstringstool compile --dry-run --output-directory /Users/runner/Library/Developer/Xcode/DerivedData/LoopWorkspace-gchmxrnjuvvpuldxkhvkbrcixtbo/Build/Intermediates.noindex/ArchiveIntermediates/LoopWorkspace/IntermediateBuildFilesPath/Loop.build/Release-watchos/WatchApp Extension.build /Users/runner/work/LoopWorkspace/LoopWorkspace/Loop/WatchApp Extension/ckcomplication.xcstrings

ExecuteExternalTool /Applications/Xcode_27.app/Contents/Developer/usr/bin/xcstringstool compile --dry-run --output-directory /Users/runner/Library/Developer/Xcode/DerivedData/LoopWorkspace-gchmxrnjuvvpuldxkhvkbrcixtbo/Build/Intermediates.noindex/ArchiveIntermediates/LoopWorkspace/IntermediateBuildFilesPath/Loop.build/Release-iphoneos/Loop Intent Extension.build /Users/runner/work/LoopWorkspace/LoopWorkspace/Loop/Loop Intent Extension/Localizable.xcstrings

ExecuteExternalTool /Applications/Xcode_27.app/Contents/Developer/usr/bin/xcstringstool compile --dry-run --output-directory /Users/runner/Library/Developer/Xcode/DerivedData/LoopWorkspace-gchmxrnjuvvpuldxkhvkbrcixtbo/Build/Intermediates.noindex/ArchiveIntermediates/LoopWorkspace/IntermediateBuildFilesPath/Loop.build/Release-iphoneos/Loop Widget Extension.build /Users/runner/work/LoopWorkspace/LoopWorkspace/Loop/Loop Widget Extension/Bootstrap/Localizable.xcstrings

ExecuteExternalTool /Applications/Xcode_27.app/Contents/Developer/usr/bin/xcstringstool compile --dry-run --output-directory /Users/runner/Library/Developer/Xcode/DerivedData/LoopWorkspace-gchmxrnjuvvpuldxkhvkbrcixtbo/Build/Intermediates.noindex/ArchiveIntermediates/LoopWorkspace/IntermediateBuildFilesPath/LoopKit.build/Release-iphoneos/LoopKitUI.build /Users/runner/work/LoopWorkspace/LoopWorkspace/LoopKit/LoopKitUI/Resources/mul.lproj/LegacyInsulinDeliveryTableViewController.xcstrings

ExecuteExternalTool /Applications/Xcode_27.app/Contents/Developer/usr/bin/xcstringstool compile --dry-run --output-directory /Users/runner/Library/Developer/Xcode/DerivedData/LoopWorkspace-gchmxrnjuvvpuldxkhvkbrcixtbo/Build/Intermediates.noindex/ArchiveIntermediates/LoopWorkspace/IntermediateBuildFilesPath/MedtrumKit.build/Release-iphoneos/MedtrumKit.build /Users/runner/work/LoopWorkspace/LoopWorkspace/MedtrumKit/Localization/Localizable.xcstrings

ExecuteExternalTool /Applications/Xcode_27.app/Contents/Developer/usr/bin/xcstringstool compile --dry-run --output-directory /Users/runner/Library/Developer/Xcode/DerivedData/LoopWorkspace-gchmxrnjuvvpuldxkhvkbrcixtbo/Build/Intermediates.noindex/ArchiveIntermediates/LoopWorkspace/IntermediateBuildFilesPath/RileyLinkKit.build/Release-iphoneos/RileyLinkKitUI.build /Users/runner/work/LoopWorkspace/LoopWorkspace/RileyLinkKit/RileyLinkKitUI/Localizable.xcstrings

ExecuteExternalTool /Applications/Xcode_27.app/Contents/Developer/usr/bin/xcstringstool compile --dry-run --output-directory /Users/runner/Library/Developer/Xcode/DerivedData/LoopWorkspace-gchmxrnjuvvpuldxkhvkbrcixtbo/Build/Intermediates.noindex/ArchiveIntermediates/LoopWorkspace/IntermediateBuildFilesPath/MinimedKit.build/Release-iphoneos/MinimedKitUI.build /Users/runner/work/LoopWorkspace/LoopWorkspace/MinimedKit/MinimedKitUI/Resources/mul.lproj/MinimedPumpManager.xcstrings

ExecuteExternalTool /Applications/Xcode_27.app/Contents/Developer/usr/bin/xcstringstool compile --dry-run --output-directory /Users/runner/Library/Developer/Xcode/DerivedData/LoopWorkspace-gchmxrnjuvvpuldxkhvkbrcixtbo/Build/Intermediates.noindex/ArchiveIntermediates/LoopWorkspace/IntermediateBuildFilesPath/OmnipodKit.build/Release-iphoneos/OmnipodKit.build /Users/runner/work/LoopWorkspace/LoopWorkspace/OmnipodKit/Localization/Localizable.xcstrings

ExecuteExternalTool /Applications/Xcode_27.app/Contents/Developer/usr/bin/xcstringstool compile --dry-run --output-directory /Users/runner/Library/Developer/Xcode/DerivedData/LoopWorkspace-gchmxrnjuvvpuldxkhvkbrcixtbo/Build/Intermediates.noindex/ArchiveIntermediates/LoopWorkspace/IntermediateBuildFilesPath/CGMBLEKit.build/Release-iphoneos/CGMBLEKitUI.build /Users/runner/work/LoopWorkspace/LoopWorkspace/CGMBLEKit/CGMBLEKitUI/mul.lproj/TransmitterManagerSetup.xcstrings

ExecuteExternalTool /Applications/Xcode_27.app/Contents/Developer/usr/bin/xcstringstool compile --dry-run --output-directory /Users/runner/Library/Developer/Xcode/DerivedData/LoopWorkspace-gchmxrnjuvvpuldxkhvkbrcixtbo/Build/Intermediates.noindex/ArchiveIntermediates/LoopWorkspace/IntermediateBuildFilesPath/Loop.build/Release-iphoneos/Loop Status Extension.build /Users/runner/work/LoopWorkspace/LoopWorkspace/Loop/Loop Status Extension/InfoPlist.xcstrings

ExecuteExternalTool /Applications/Xcode_27.app/Contents/Developer/usr/bin/xcstringstool compile --dry-run --output-directory /Users/runner/Library/Developer/Xcode/DerivedData/LoopWorkspace-gchmxrnjuvvpuldxkhvkbrcixtbo/Build/Intermediates.noindex/ArchiveIntermediates/LoopWorkspace/IntermediateBuildFilesPath/Loop.build/Release-iphoneos/LoopUI.build /Users/runner/work/LoopWorkspace/LoopWorkspace/Loop/LoopUI/InfoPlist.xcstrings

ExecuteExternalTool /Applications/Xcode_27.app/Contents/Developer/usr/bin/xcstringstool compile --dry-run --output-directory /Users/runner/Library/Developer/Xcode/DerivedData/LoopWorkspace-gchmxrnjuvvpuldxkhvkbrcixtbo/Build/Intermediates.noindex/ArchiveIntermediates/LoopWorkspace/IntermediateBuildFilesPath/Loop.build/Release-iphoneos/Loop.build /Users/runner/work/LoopWorkspace/LoopWorkspace/Loop/Loop/InfoPlist.xcstrings

ExecuteExternalTool /Applications/Xcode_27.app/Contents/Developer/usr/bin/xcstringstool compile --dry-run --output-directory /Users/runner/Library/Developer/Xcode/DerivedData/LoopWorkspace-gchmxrnjuvvpuldxkhvkbrcixtbo/Build/Intermediates.noindex/ArchiveIntermediates/LoopWorkspace/IntermediateBuildFilesPath/Loop.build/Release-watchos/WatchApp.build /Users/runner/work/LoopWorkspace/LoopWorkspace/Loop/WatchApp/InfoPlist.xcstrings

ExecuteExternalTool /Applications/Xcode_27.app/Contents/Developer/Toolchains/XcodeDefault.xctoolchain/usr/bin/clang -v -E -dM -arch arm64_32 -isysroot /Applications/Xcode_27.app/Contents/Developer/Platforms/WatchOS.platform/Developer/SDKs/WatchOS27.0.sdk -x objective-c -c /dev/null

ExecuteExternalTool /Applications/Xcode_27.app/Contents/Developer/usr/bin/xcstringstool compile --dry-run --output-directory /Users/runner/Library/Developer/Xcode/DerivedData/LoopWorkspace-gchmxrnjuvvpuldxkhvkbrcixtbo/Build/Intermediates.noindex/ArchiveIntermediates/LoopWorkspace/IntermediateBuildFilesPath/Loop.build/Release-watchos/WatchApp Extension.build /Users/runner/work/LoopWorkspace/LoopWorkspace/Loop/WatchApp Extension/Localizable.xcstrings

ExecuteExternalTool /Applications/Xcode_27.app/Contents/Developer/usr/bin/xcstringstool compile --dry-run --output-directory /Users/runner/Library/Developer/Xcode/DerivedData/LoopWorkspace-gchmxrnjuvvpuldxkhvkbrcixtbo/Build/Intermediates.noindex/ArchiveIntermediates/LoopWorkspace/IntermediateBuildFilesPath/LoopKit.build/Release-iphoneos/LoopKitUI.build /Users/runner/work/LoopWorkspace/LoopWorkspace/LoopKit/LoopKitUI/Resources/mul.lproj/InsulinKit.xcstrings

ExecuteExternalTool /Applications/Xcode_27.app/Contents/Developer/usr/bin/xcstringstool compile --dry-run --output-directory /Users/runner/Library/Developer/Xcode/DerivedData/LoopWorkspace-gchmxrnjuvvpuldxkhvkbrcixtbo/Build/Intermediates.noindex/ArchiveIntermediates/LoopWorkspace/IntermediateBuildFilesPath/MinimedKit.build/Release-iphoneos/MinimedKitUI.build /Users/runner/work/LoopWorkspace/LoopWorkspace/MinimedKit/MinimedKitUI/Resources/Localizable.xcstrings

ExecuteExternalTool /Applications/Xcode_27.app/Contents/Developer/usr/bin/xcstringstool compile --dry-run --output-directory /Users/runner/Library/Developer/Xcode/DerivedData/LoopWorkspace-gchmxrnjuvvpuldxkhvkbrcixtbo/Build/Intermediates.noindex/ArchiveIntermediates/LoopWorkspace/IntermediateBuildFilesPath/CGMBLEKit.build/Release-iphoneos/CGMBLEKitUI.build /Users/runner/work/LoopWorkspace/LoopWorkspace/CGMBLEKit/CGMBLEKitUI/Localizable.xcstrings

ExecuteExternalTool /Applications/Xcode_27.app/Contents/Developer/usr/bin/xcstringstool compile --dry-run --output-directory /Users/runner/Library/Developer/Xcode/DerivedData/LoopWorkspace-gchmxrnjuvvpuldxkhvkbrcixtbo/Build/Intermediates.noindex/ArchiveIntermediates/LoopWorkspace/IntermediateBuildFilesPath/Loop.build/Release-iphoneos/Loop Status Extension.build /Users/runner/work/LoopWorkspace/LoopWorkspace/Loop/Loop Status Extension/mul.lproj/MainInterface.xcstrings

ExecuteExternalTool /Applications/Xcode_27.app/Contents/Developer/usr/bin/xcstringstool compile --dry-run --output-directory /Users/runner/Library/Developer/Xcode/DerivedData/LoopWorkspace-gchmxrnjuvvpuldxkhvkbrcixtbo/Build/Intermediates.noindex/ArchiveIntermediates/LoopWorkspace/IntermediateBuildFilesPath/Loop.build/Release-iphoneos/LoopUI.build /Users/runner/work/LoopWorkspace/LoopWorkspace/Loop/LoopUI/Localizable.xcstrings

ExecuteExternalTool /Applications/Xcode_27.app/Contents/Developer/usr/bin/xcstringstool compile --dry-run --output-directory /Users/runner/Library/Developer/Xcode/DerivedData/LoopWorkspace-gchmxrnjuvvpuldxkhvkbrcixtbo/Build/Intermediates.noindex/ArchiveIntermediates/LoopWorkspace/IntermediateBuildFilesPath/Loop.build/Release-iphoneos/Loop.build /Users/runner/work/LoopWorkspace/LoopWorkspace/Loop/Loop/mul.lproj/LaunchScreen.xcstrings

ExecuteExternalTool /Applications/Xcode_27.app/Contents/Developer/usr/bin/xcstringstool compile --dry-run --output-directory /Users/runner/Library/Developer/Xcode/DerivedData/LoopWorkspace-gchmxrnjuvvpuldxkhvkbrcixtbo/Build/Intermediates.noindex/ArchiveIntermediates/LoopWorkspace/IntermediateBuildFilesPath/Loop.build/Release-watchos/WatchApp.build /Users/runner/work/LoopWorkspace/LoopWorkspace/Loop/WatchApp/mul.lproj/Interface.xcstrings

ExecuteExternalTool /Applications/Xcode_27.app/Contents/Developer/usr/bin/xcstringstool compile --dry-run --output-directory /Users/runner/Library/Developer/Xcode/DerivedData/LoopWorkspace-gchmxrnjuvvpuldxkhvkbrcixtbo/Build/Intermediates.noindex/ArchiveIntermediates/LoopWorkspace/IntermediateBuildFilesPath/LoopKit.build/Release-iphoneos/LoopKitUI.build /Users/runner/work/LoopWorkspace/LoopWorkspace/LoopKit/LoopKitUI/Resources/Localizable.xcstrings

ExecuteExternalTool /Applications/Xcode_27.app/Contents/Developer/usr/bin/xcstringstool compile --dry-run --output-directory /Users/runner/Library/Developer/Xcode/DerivedData/LoopWorkspace-gchmxrnjuvvpuldxkhvkbrcixtbo/Build/Intermediates.noindex/ArchiveIntermediates/LoopWorkspace/IntermediateBuildFilesPath/Loop.build/Release-iphoneos/Loop Status Extension.build /Users/runner/work/LoopWorkspace/LoopWorkspace/Loop/Loop Status Extension/Localizable.xcstrings

ExecuteExternalTool /Applications/Xcode_27.app/Contents/Developer/usr/bin/xcstringstool compile --dry-run --output-directory /Users/runner/Library/Developer/Xcode/DerivedData/LoopWorkspace-gchmxrnjuvvpuldxkhvkbrcixtbo/Build/Intermediates.noindex/ArchiveIntermediates/LoopWorkspace/IntermediateBuildFilesPath/Loop.build/Release-iphoneos/Loop.build /Users/runner/work/LoopWorkspace/LoopWorkspace/Loop/Loop/Localizable.xcstrings

ExecuteExternalTool /Applications/Xcode_27.app/Contents/Developer/usr/bin/xcstringstool compile --dry-run --output-directory /Users/runner/Library/Developer/Xcode/DerivedData/LoopWorkspace-gchmxrnjuvvpuldxkhvkbrcixtbo/Build/Intermediates.noindex/ArchiveIntermediates/LoopWorkspace/IntermediateBuildFilesPath/Loop.build/Release-iphoneos/Loop.build /Users/runner/work/LoopWorkspace/LoopWorkspace/Loop/Loop/mul.lproj/Main.xcstrings

Build description signature: bf42b5d1d487b463c93009d50aa3389a
Build description path: /Users/runner/Library/Developer/Xcode/DerivedData/LoopWorkspace-gchmxrnjuvvpuldxkhvkbrcixtbo/Build/Intermediates.noindex/ArchiveIntermediates/LoopWorkspace/IntermediateBuildFilesPath/XCBuildData/bf42b5d1d487b463c93009d50aa3389a.xcbuilddata
warning: Run script build phase 'Build Derived Assets' will be run during every build because it does not specify any outputs. To address this issue, either add output dependencies to the script phase, or configure it to run in every build by unchecking "Based on dependency analysis" in the script phase. (in target 'WatchApp Extension' from project 'Loop')
/Users/runner/work/LoopWorkspace/LoopWorkspace/TrueTime.swift/TrueTime.xcodeproj: error: The iOS deployment target 'IPHONEOS_DEPLOYMENT_TARGET' is set to 12.0, but the range of supported deployment target versions is 15.0 to 27.0.x. (in target 'TrueTime-iOS' from project 'TrueTime')
note: Run script build phase 'Run script capture-build-details' will be run during every build because the option to run the script phase "Based on dependency analysis" is unchecked. (in target 'LibreTransmitterPlugin' from project 'LibreTransmitter')
note: Run script build phase 'Build Derived Assets' will be run during every build because the option to run the script phase "Based on dependency analysis" is unchecked. (in target 'Loop' from project 'Loop')
note: Run script build phase 'Install Plugins' will be run during every build because the option to run the script phase "Based on dependency analysis" is unchecked. (in target 'Loop' from project 'Loop')
note: Run script build phase 'Install Scenarios' will be run during every build because the option to run the script phase "Based on dependency analysis" is unchecked. (in target 'Loop' from project 'Loop')
note: Run script build phase 'Capture Build Details' will be run during every build because the option to run the script phase "Based on dependency analysis" is unchecked. (in target 'Loop' from project 'Loop')
note: Run script build phase 'Apply Info Customizations' will be run during every build because the option to run the script phase "Based on dependency analysis" is unchecked. (in target 'Loop' from project 'Loop')
